State with greatest number of incidents for 2011 is in CA with count 20
