State with greatest number of incidents for 2013 is in CA with count 26
