Year with greatest number of incidents for CA is in 2012 with count 27
