Year with greatest number of incidents is: 2013 with count 254
