Year with greatest number of incidents for TX is in 2010 with count 18
