State with greatest number of incidents for 2009 is in CA with count 14
