State with greatest number of incidents for 2010 is in TX with count 18
