State with greatest number of incidents for 9999 is in  with count 0
