State with greatest number of incidents is: CA with count 113
